// Jest Snapshot v1, https://goo.gl/fbAQLP

exports[`header renders correctly 1`] = `
<Header
  as="h2"
  icon={true}
  textAlign="center"
>
  <Icon
    as="i"
    circular={true}
    name="code"
  />
  <HeaderContent>
    WAES Assessment
  </HeaderContent>
  <HeaderSubheader>
    Pedro Dias - pedroboi@gmail.com
  </HeaderSubheader>
</Header>
`;
