// Jest Snapshot v1, https://goo.gl/fbAQLP

exports[`Main renders correctly 1`] = `
<Container>
  <Component />
  <Component />
</Container>
`;
